******************************************************************************
                  TI ARM Linker PC v20.2.5                     
******************************************************************************
>> Linked Wed Oct 27 17:05:00 2021

OUTPUT FILE NAME:   <RS485_Protocol_Project.out>
ENTRY POINT SYMBOL: "_c_int00_noinit_noargs"  address: 00000985


MEMORY CONFIGURATION

         name            origin    length      used     unused   attr    fill
----------------------  --------  ---------  --------  --------  ----  --------
  FLASH                 00000000   00040000  000009d4  0003f62c  R  X
  SRAM                  20000000   00008000  00000200  00007e00  RW X


SEGMENT ALLOCATION MAP

run origin  load origin   length   init length attrs members
----------  ----------- ---------- ----------- ----- -------
00000000    00000000    000009d4   000009d4    r-x
  00000000    00000000    0000026c   0000026c    r-- .intvecs
  0000026c    0000026c    00000768   00000768    r-x .text
20000000    20000000    00000200   00000000    rw-
  20000000    20000000    00000200   00000000    rw- .stack


SECTION ALLOCATION MAP

 output                                  attributes/
section   page    origin      length       input sections
--------  ----  ----------  ----------   ----------------
.intvecs   0    00000000    0000026c     
                  00000000    0000026c     tm4c123gh6pm_startup_ccs.obj (.intvecs)

.text      0    0000026c    00000768     
                  0000026c    000004f4     lab5_Liem_Nguyen.obj (.text)
                  00000760    00000224     uart0.obj (.text)
                  00000984    0000002c     rtsv7M4_T_le_v4SPD16_eabi.lib : boot_cortex_m.c.obj (.text:_c_int00_noinit_noargs:_c_int00_noinit_noargs)
                  000009b0    00000010     clock.obj (.text)
                  000009c0    0000000c     tm4c123gh6pm_startup_ccs.obj (.text)
                  000009cc    00000004     rtsv7M4_T_le_v4SPD16_eabi.lib : pre_init.c.obj (.text:_system_pre_init)
                  000009d0    00000004                                   : exit.c.obj (.text:abort:abort)

.cinit     0    00000000    00000000     UNINITIALIZED

.init_array 
*          0    00000000    00000000     UNINITIALIZED

.stack     0    20000000    00000200     UNINITIALIZED
                  20000000    00000004     rtsv7M4_T_le_v4SPD16_eabi.lib : boot_cortex_m.c.obj (.stack)
                  20000004    000001fc     --HOLE--

__llvm_prf_cnts 
*          0    20000000    00000000     UNINITIALIZED

MODULE SUMMARY

       Module                         code   ro data   rw data
       ------                         ----   -------   -------
    .\
       lab5_Liem_Nguyen.obj           1268   0         0      
       tm4c123gh6pm_startup_ccs.obj   12     620       0      
       uart0.obj                      548    0         0      
       clock.obj                      16     0         0      
    +--+------------------------------+------+---------+---------+
       Total:                         1844   620       0      
                                                              
    C:\ti\ccs1040\ccs\tools\compiler\ti-cgt-arm_20.2.5.LTS\lib\rtsv7M4_T_le_v4SPD16_eabi.lib
       boot_cortex_m.c.obj            44     0         0      
       exit.c.obj                     4      0         0      
       pre_init.c.obj                 4      0         0      
    +--+------------------------------+------+---------+---------+
       Total:                         52     0         0      
                                                              
       Stack:                         0      0         512    
    +--+------------------------------+------+---------+---------+
       Grand Total:                   1896   620       512    


GLOBAL SYMBOLS: SORTED ALPHABETICALLY BY Name 

address   name                   
-------   ----                   
000009d1  C$$EXIT                
000009c1  ResetISR               
20000200  __STACK_END            
00000200  __STACK_SIZE           
20000200  __STACK_TOP            
ffffffff  __TI_pprof_out_hndl    
ffffffff  __TI_prof_data_size    
ffffffff  __TI_prof_data_start   
00000000  __TI_static_base__     
ffffffff  __binit__              
ffffffff  __c_args__             
UNDEFED   __mpu_init             
20000000  __stack                
20000000  __start___llvm_prf_cnts
20000000  __stop___llvm_prf_cnts 
00000985  _c_int00_noinit_noargs 
000009cd  _system_pre_init       
000009d1  abort                  
ffffffff  binit                  
00000000  g_pfnVectors           
0000052d  getFieldInteger        
000004df  getFieldString         
000008eb  getcUart0              
0000026d  getsUart0              
00000607  initHw                 
000009b1  initSystemClockTo40Mhz 
00000761  initUart0              
000007f5  initUart1              
000005a9  isCommand              
000008ff  kbhitUart0             
00000639  main                   
00000315  parseFields            
000008a3  putcUart0              
000008bf  putsUart0              
00000863  setUart0BaudRate       


GLOBAL SYMBOLS: SORTED BY Symbol Address 

address   name                   
-------   ----                   
00000000  __TI_static_base__     
00000000  g_pfnVectors           
00000200  __STACK_SIZE           
0000026d  getsUart0              
00000315  parseFields            
000004df  getFieldString         
0000052d  getFieldInteger        
000005a9  isCommand              
00000607  initHw                 
00000639  main                   
00000761  initUart0              
000007f5  initUart1              
00000863  setUart0BaudRate       
000008a3  putcUart0              
000008bf  putsUart0              
000008eb  getcUart0              
000008ff  kbhitUart0             
00000985  _c_int00_noinit_noargs 
000009b1  initSystemClockTo40Mhz 
000009c1  ResetISR               
000009cd  _system_pre_init       
000009d1  C$$EXIT                
000009d1  abort                  
20000000  __stack                
20000000  __start___llvm_prf_cnts
20000000  __stop___llvm_prf_cnts 
20000200  __STACK_END            
20000200  __STACK_TOP            
ffffffff  __TI_pprof_out_hndl    
ffffffff  __TI_prof_data_size    
ffffffff  __TI_prof_data_start   
ffffffff  __binit__              
ffffffff  __c_args__             
ffffffff  binit                  
UNDEFED   __mpu_init             

[35 symbols]
