******************************************************************************
                  TI ARM Linker PC v20.2.5                     
******************************************************************************
>> Linked Mon Nov 22 00:52:39 2021

OUTPUT FILE NAME:   <RS485_Protocol_Project.out>
ENTRY POINT SYMBOL: "_c_int00_noargs"  address: 0000101d


MEMORY CONFIGURATION

         name            origin    length      used     unused   attr    fill
----------------------  --------  ---------  --------  --------  ----  --------
  FLASH                 00000000   00040000  000010ce  0003ef32  R  X
  SRAM                  20000000   00008000  00000254  00007dac  RW X


SEGMENT ALLOCATION MAP

run origin  load origin   length   init length attrs members
----------  ----------- ---------- ----------- ----- -------
00000000    00000000    000010d0   000010d0    r-x
  00000000    00000000    0000026c   0000026c    r-- .intvecs
  0000026c    0000026c    00000e32   00000e32    r-x .text
  000010a0    000010a0    00000030   00000030    r-- .cinit
20000000    20000000    00000254   00000000    rw-
  20000000    20000000    00000200   00000000    rw- .stack
  20000200    20000200    00000050   00000000    rw- .bss
  20000250    20000250    00000004   00000000    rw- .data


SECTION ALLOCATION MAP

 output                                  attributes/
section   page    origin      length       input sections
--------  ----  ----------  ----------   ----------------
.intvecs   0    00000000    0000026c     
                  00000000    0000026c     tm4c123gh6pm_startup_ccs.obj (.intvecs)

.text      0    0000026c    00000e32     
                  0000026c    00000a24     RS485_Project_Liem_Nguyen.obj (.text)
                  00000c90    00000244     uart0.obj (.text)
                  00000ed4    0000009c     rtsv7M4_T_le_v4SPD16_eabi.lib : memcpy_t2.asm.obj (.text)
                  00000f70    00000068                                   : copy_decompress_lzss.c.obj (.text:decompress:lzss:__TI_decompress_lzss)
                  00000fd8    00000044                                   : autoinit.c.obj (.text:__TI_auto_init_nobinit_nopinit:__TI_auto_init_nobinit_nopinit)
                  0000101c    00000034                                   : boot_cortex_m.c.obj (.text:_c_int00_noargs:_c_int00_noargs)
                  00001050    0000001c                                   : copy_zero_init.c.obj (.text:decompress:ZI:__TI_zero_init_nomemset:__TI_zero_init_nomemset)
                  0000106c    00000010     clock.obj (.text)
                  0000107c    0000000e     rtsv7M4_T_le_v4SPD16_eabi.lib : copy_decompress_none.c.obj (.text:decompress:none:__TI_decompress_none)
                  0000108a    0000000c     tm4c123gh6pm_startup_ccs.obj (.text)
                  00001096    00000004     rtsv7M4_T_le_v4SPD16_eabi.lib : pre_init.c.obj (.text:_system_pre_init)
                  0000109a    00000004                                   : exit.c.obj (.text:abort:abort)

.cinit     0    000010a0    00000030     
                  000010a0    0000000c     (__TI_handler_table)
                  000010ac    00000004     --HOLE-- [fill = 0]
                  000010b0    00000008     (.cinit..bss.load) [load image, compression = zero_init]
                  000010b8    00000008     (.cinit..data.load) [load image, compression = lzss]
                  000010c0    00000010     (__TI_cinit_table)

.init_array 
*          0    00000000    00000000     UNINITIALIZED

.bss       0    20000200    00000050     UNINITIALIZED
                  20000200    00000050     (.common:RX_ARRAY)

.data      0    20000250    00000004     UNINITIALIZED
                  20000250    00000004     RS485_Project_Liem_Nguyen.obj (.data)

.stack     0    20000000    00000200     UNINITIALIZED
                  20000000    00000004     rtsv7M4_T_le_v4SPD16_eabi.lib : boot_cortex_m.c.obj (.stack)
                  20000004    000001fc     --HOLE--

__llvm_prf_cnts 
*          0    20000000    00000000     UNINITIALIZED

MODULE SUMMARY

       Module                          code   ro data   rw data
       ------                          ----   -------   -------
    .\
       RS485_Project_Liem_Nguyen.obj   2596   0         84     
       tm4c123gh6pm_startup_ccs.obj    12     620       0      
       uart0.obj                       580    0         0      
       clock.obj                       16     0         0      
    +--+-------------------------------+------+---------+---------+
       Total:                          3204   620       84     
                                                               
    C:\ti\ccs1040\ccs\tools\compiler\ti-cgt-arm_20.2.5.LTS\lib\rtsv7M4_T_le_v4SPD16_eabi.lib
       memcpy_t2.asm.obj               156    0         0      
       copy_decompress_lzss.c.obj      104    0         0      
       autoinit.c.obj                  68     0         0      
       boot_cortex_m.c.obj             52     0         0      
       copy_zero_init.c.obj            28     0         0      
       copy_decompress_none.c.obj      14     0         0      
       exit.c.obj                      4      0         0      
       pre_init.c.obj                  4      0         0      
    +--+-------------------------------+------+---------+---------+
       Total:                          430    0         0      
                                                               
       Stack:                          0      0         512    
       Linker Generated:               0      44        0      
    +--+-------------------------------+------+---------+---------+
       Grand Total:                    3634   664       596    


LINKER GENERATED COPY TABLES

__TI_cinit_table @ 000010c0 records: 2, size/record: 8, table size: 16
	.bss: load addr=000010b0, load size=00000008 bytes, run addr=20000200, run size=00000050 bytes, compression=zero_init
	.data: load addr=000010b8, load size=00000008 bytes, run addr=20000250, run size=00000004 bytes, compression=lzss


LINKER GENERATED HANDLER TABLE

__TI_handler_table @ 000010a0 records: 3, size/record: 4, table size: 12
	index: 0, handler: __TI_decompress_lzss
	index: 1, handler: __TI_decompress_none
	index: 2, handler: __TI_zero_init


GLOBAL SYMBOLS: SORTED ALPHABETICALLY BY Name 

address   name                          
-------   ----                          
0000109b  C$$EXIT                       
20000252  MSG_phase                     
20000251  MSGinProgress                 
20000200  RX_ARRAY                      
20000253  RX_phase                      
0000108b  ResetISR                      
00000927  UART1ISR                      
20000200  __STACK_END                   
00000200  __STACK_SIZE                  
20000200  __STACK_TOP                   
000010c0  __TI_CINIT_Base               
000010d0  __TI_CINIT_Limit              
000010a0  __TI_Handler_Table_Base       
000010ac  __TI_Handler_Table_Limit      
00000fd9  __TI_auto_init_nobinit_nopinit
00000f71  __TI_decompress_lzss          
0000107d  __TI_decompress_none          
ffffffff  __TI_pprof_out_hndl           
ffffffff  __TI_prof_data_size           
ffffffff  __TI_prof_data_start          
00000000  __TI_static_base__            
00001051  __TI_zero_init_nomemset       
00000ed5  __aeabi_memcpy                
00000ed5  __aeabi_memcpy4               
00000ed5  __aeabi_memcpy8               
ffffffff  __binit__                     
ffffffff  __c_args__                    
UNDEFED   __mpu_init                    
20000000  __stack                       
20000000  __start___llvm_prf_cnts       
20000000  __stop___llvm_prf_cnts        
0000101d  _c_int00_noargs               
UNDEFED   _system_post_cinit            
00001097  _system_pre_init              
0000109b  abort                         
20000250  ack                           
ffffffff  binit                         
000009f7  checksumcheck                 
00000000  g_pfnVectors                  
000005fd  getFieldInteger               
00000671  getFieldString                
00000e31  getcUart0                     
00000891  getsUart0                     
000004d3  initHw                        
0000106d  initSystemClockTo40Mhz        
00000c91  initUart0                     
00000d25  initUart1                     
00000581  isCommand                     
00000e45  kbhitUart0                    
0000026d  main                          
00000ed5  memcpy                        
0000071d  parseFields                   
00000de9  putcUart0                     
00000e05  putsUart0                     
00000a55  sendRS485                     
00000b05  sendRS485Byte                 
00000da9  setUart0BaudRate              
00000541  strcmp                        


GLOBAL SYMBOLS: SORTED BY Symbol Address 

address   name                          
-------   ----                          
00000000  __TI_static_base__            
00000000  g_pfnVectors                  
00000200  __STACK_SIZE                  
0000026d  main                          
000004d3  initHw                        
00000541  strcmp                        
00000581  isCommand                     
000005fd  getFieldInteger               
00000671  getFieldString                
0000071d  parseFields                   
00000891  getsUart0                     
00000927  UART1ISR                      
000009f7  checksumcheck                 
00000a55  sendRS485                     
00000b05  sendRS485Byte                 
00000c91  initUart0                     
00000d25  initUart1                     
00000da9  setUart0BaudRate              
00000de9  putcUart0                     
00000e05  putsUart0                     
00000e31  getcUart0                     
00000e45  kbhitUart0                    
00000ed5  __aeabi_memcpy                
00000ed5  __aeabi_memcpy4               
00000ed5  __aeabi_memcpy8               
00000ed5  memcpy                        
00000f71  __TI_decompress_lzss          
00000fd9  __TI_auto_init_nobinit_nopinit
0000101d  _c_int00_noargs               
00001051  __TI_zero_init_nomemset       
0000106d  initSystemClockTo40Mhz        
0000107d  __TI_decompress_none          
0000108b  ResetISR                      
00001097  _system_pre_init              
0000109b  C$$EXIT                       
0000109b  abort                         
000010a0  __TI_Handler_Table_Base       
000010ac  __TI_Handler_Table_Limit      
000010c0  __TI_CINIT_Base               
000010d0  __TI_CINIT_Limit              
20000000  __stack                       
20000000  __start___llvm_prf_cnts       
20000000  __stop___llvm_prf_cnts        
20000200  RX_ARRAY                      
20000200  __STACK_END                   
20000200  __STACK_TOP                   
20000250  ack                           
20000251  MSGinProgress                 
20000252  MSG_phase                     
20000253  RX_phase                      
ffffffff  __TI_pprof_out_hndl           
ffffffff  __TI_prof_data_size           
ffffffff  __TI_prof_data_start          
ffffffff  __binit__                     
ffffffff  __c_args__                    
ffffffff  binit                         
UNDEFED   __mpu_init                    
UNDEFED   _system_post_cinit            

[58 symbols]
